  StateComponent.cpp
E:\DirectX\UE2025_2D\Engine\Include\Object.h(1,1): warning C4819: 현재 코드 페이지(949)에서 표시할 수 없는 문자가 파일에 들어 있습니다. 데이터가 손실되지 않게 하려면 해당 파일을 유니코드 형식으로 저장하십시오.
  (소스 파일 'Component/StateComponent.cpp'을(를) 컴파일하는 중)
  
E:\DirectX\UE2025_2D\Engine\Include\EngineInfo.h(1,1): warning C4819: 현재 코드 페이지(949)에서 표시할 수 없는 문자가 파일에 들어 있습니다. 데이터가 손실되지 않게 하려면 해당 파일을 유니코드 형식으로 저장하십시오.
  (소스 파일 'Component/StateComponent.cpp'을(를) 컴파일하는 중)
  
E:\DirectX\UE2025_2D\Engine\Include\Matrix.h(1,1): warning C4819: 현재 코드 페이지(949)에서 표시할 수 없는 문자가 파일에 들어 있습니다. 데이터가 손실되지 않게 하려면 해당 파일을 유니코드 형식으로 저장하십시오.
  (소스 파일 'Component/StateComponent.cpp'을(를) 컴파일하는 중)
  
E:\DirectX\UE2025_2D\Engine\Include\Vector2.h(1,1): warning C4819: 현재 코드 페이지(949)에서 표시할 수 없는 문자가 파일에 들어 있습니다. 데이터가 손실되지 않게 하려면 해당 파일을 유니코드 형식으로 저장하십시오.
  (소스 파일 'Component/StateComponent.cpp'을(를) 컴파일하는 중)
  
E:\DirectX\UE2025_2D\Engine\Include\Object\GameObject.h(1,1): warning C4819: 현재 코드 페이지(949)에서 표시할 수 없는 문자가 파일에 들어 있습니다. 데이터가 손실되지 않게 하려면 해당 파일을 유니코드 형식으로 저장하십시오.
  (소스 파일 'Component/StateComponent.cpp'을(를) 컴파일하는 중)
  
  StateInterface.cpp
E:\DirectX\UE2025_2D\Engine\Include\EngineInfo.h(1,1): warning C4819: 현재 코드 페이지(949)에서 표시할 수 없는 문자가 파일에 들어 있습니다. 데이터가 손실되지 않게 하려면 해당 파일을 유니코드 형식으로 저장하십시오.
  (소스 파일 'Interface/StateInterface.cpp'을(를) 컴파일하는 중)
  
E:\DirectX\UE2025_2D\Engine\Include\Matrix.h(1,1): warning C4819: 현재 코드 페이지(949)에서 표시할 수 없는 문자가 파일에 들어 있습니다. 데이터가 손실되지 않게 하려면 해당 파일을 유니코드 형식으로 저장하십시오.
  (소스 파일 'Interface/StateInterface.cpp'을(를) 컴파일하는 중)
  
E:\DirectX\UE2025_2D\Engine\Include\Vector2.h(1,1): warning C4819: 현재 코드 페이지(949)에서 표시할 수 없는 문자가 파일에 들어 있습니다. 데이터가 손실되지 않게 하려면 해당 파일을 유니코드 형식으로 저장하십시오.
  (소스 파일 'Interface/StateInterface.cpp'을(를) 컴파일하는 중)
  
  Monster.cpp
E:\DirectX\UE2025_2D\Client\Monster\Monster.cpp(1,1): warning C4819: 현재 코드 페이지(949)에서 표시할 수 없는 문자가 파일에 들어 있습니다. 데이터가 손실되지 않게 하려면 해당 파일을 유니코드 형식으로 저장하십시오.
E:\DirectX\UE2025_2D\Engine\Include\Object\GameObject.h(1,1): warning C4819: 현재 코드 페이지(949)에서 표시할 수 없는 문자가 파일에 들어 있습니다. 데이터가 손실되지 않게 하려면 해당 파일을 유니코드 형식으로 저장하십시오.
  (소스 파일 'Monster/Monster.cpp'을(를) 컴파일하는 중)
  
E:\DirectX\UE2025_2D\Engine\Include\Object.h(1,1): warning C4819: 현재 코드 페이지(949)에서 표시할 수 없는 문자가 파일에 들어 있습니다. 데이터가 손실되지 않게 하려면 해당 파일을 유니코드 형식으로 저장하십시오.
  (소스 파일 'Monster/Monster.cpp'을(를) 컴파일하는 중)
  
E:\DirectX\UE2025_2D\Engine\Include\EngineInfo.h(1,1): warning C4819: 현재 코드 페이지(949)에서 표시할 수 없는 문자가 파일에 들어 있습니다. 데이터가 손실되지 않게 하려면 해당 파일을 유니코드 형식으로 저장하십시오.
  (소스 파일 'Monster/Monster.cpp'을(를) 컴파일하는 중)
  
E:\DirectX\UE2025_2D\Engine\Include\Matrix.h(1,1): warning C4819: 현재 코드 페이지(949)에서 표시할 수 없는 문자가 파일에 들어 있습니다. 데이터가 손실되지 않게 하려면 해당 파일을 유니코드 형식으로 저장하십시오.
  (소스 파일 'Monster/Monster.cpp'을(를) 컴파일하는 중)
  
E:\DirectX\UE2025_2D\Engine\Include\Vector2.h(1,1): warning C4819: 현재 코드 페이지(949)에서 표시할 수 없는 문자가 파일에 들어 있습니다. 데이터가 손실되지 않게 하려면 해당 파일을 유니코드 형식으로 저장하십시오.
  (소스 파일 'Monster/Monster.cpp'을(를) 컴파일하는 중)
  
E:\DirectX\UE2025_2D\Engine\Include\Asset\Shader\CBufferContainer.h(1,1): warning C4819: 현재 코드 페이지(949)에서 표시할 수 없는 문자가 파일에 들어 있습니다. 데이터가 손실되지 않게 하려면 해당 파일을 유니코드 형식으로 저장하십시오.
  (소스 파일 'Monster/Monster.cpp'을(를) 컴파일하는 중)
  
E:\DirectX\UE2025_2D\Engine\Include\World\World.h(1,1): warning C4819: 현재 코드 페이지(949)에서 표시할 수 없는 문자가 파일에 들어 있습니다. 데이터가 손실되지 않게 하려면 해당 파일을 유니코드 형식으로 저장하십시오.
  (소스 파일 'Monster/Monster.cpp'을(를) 컴파일하는 중)
  
E:\DirectX\UE2025_2D\Engine\Include\World\CameraManager.h(1,1): warning C4819: 현재 코드 페이지(949)에서 표시할 수 없는 문자가 파일에 들어 있습니다. 데이터가 손실되지 않게 하려면 해당 파일을 유니코드 형식으로 저장하십시오.
  (소스 파일 'Monster/Monster.cpp'을(를) 컴파일하는 중)
  
E:\DirectX\UE2025_2D\Engine\Include\Asset\Mesh\Mesh.h(1,1): warning C4819: 현재 코드 페이지(949)에서 표시할 수 없는 문자가 파일에 들어 있습니다. 데이터가 손실되지 않게 하려면 해당 파일을 유니코드 형식으로 저장하십시오.
  (소스 파일 'Monster/Monster.cpp'을(를) 컴파일하는 중)
  
E:\DirectX\UE2025_2D\Engine\Include\Asset\Material\Material.h(1,1): warning C4819: 현재 코드 페이지(949)에서 표시할 수 없는 문자가 파일에 들어 있습니다. 데이터가 손실되지 않게 하려면 해당 파일을 유니코드 형식으로 저장하십시오.
  (소스 파일 'Monster/Monster.cpp'을(를) 컴파일하는 중)
  
E:\DirectX\UE2025_2D\Engine\Include\Asset\Texture\Texture.h(1,1): warning C4819: 현재 코드 페이지(949)에서 표시할 수 없는 문자가 파일에 들어 있습니다. 데이터가 손실되지 않게 하려면 해당 파일을 유니코드 형식으로 저장하십시오.
  (소스 파일 'Monster/Monster.cpp'을(를) 컴파일하는 중)
  
E:\DirectX\UE2025_2D\Engine\Include\Asset\Animation2D\Animation2D.h(1,1): warning C4819: 현재 코드 페이지(949)에서 표시할 수 없는 문자가 파일에 들어 있습니다. 데이터가 손실되지 않게 하려면 해당 파일을 유니코드 형식으로 저장하십시오.
  (소스 파일 'Monster/Monster.cpp'을(를) 컴파일하는 중)
  
E:\DirectX\UE2025_2D\Engine\Include\World\Input.h(1,1): warning C4819: 현재 코드 페이지(949)에서 표시할 수 없는 문자가 파일에 들어 있습니다. 데이터가 손실되지 않게 하려면 해당 파일을 유니코드 형식으로 저장하십시오.
  (소스 파일 'Monster/Monster.cpp'을(를) 컴파일하는 중)
  
E:\DirectX\UE2025_2D\Engine\Include\Component\Animation2DSequence.h(1,1): warning C4819: 현재 코드 페이지(949)에서 표시할 수 없는 문자가 파일에 들어 있습니다. 데이터가 손실되지 않게 하려면 해당 파일을 유니코드 형식으로 저장하십시오.
  (소스 파일 'Monster/Monster.cpp'을(를) 컴파일하는 중)
  
  MonsterSpawnPoint.cpp
E:\DirectX\UE2025_2D\Client\Monster\MonsterSpawnPoint.cpp(1,1): warning C4819: 현재 코드 페이지(949)에서 표시할 수 없는 문자가 파일에 들어 있습니다. 데이터가 손실되지 않게 하려면 해당 파일을 유니코드 형식으로 저장하십시오.
E:\DirectX\UE2025_2D\Engine\Include\Object\GameObject.h(1,1): warning C4819: 현재 코드 페이지(949)에서 표시할 수 없는 문자가 파일에 들어 있습니다. 데이터가 손실되지 않게 하려면 해당 파일을 유니코드 형식으로 저장하십시오.
  (소스 파일 'Monster/MonsterSpawnPoint.cpp'을(를) 컴파일하는 중)
  
E:\DirectX\UE2025_2D\Engine\Include\Object.h(1,1): warning C4819: 현재 코드 페이지(949)에서 표시할 수 없는 문자가 파일에 들어 있습니다. 데이터가 손실되지 않게 하려면 해당 파일을 유니코드 형식으로 저장하십시오.
  (소스 파일 'Monster/MonsterSpawnPoint.cpp'을(를) 컴파일하는 중)
  
E:\DirectX\UE2025_2D\Engine\Include\EngineInfo.h(1,1): warning C4819: 현재 코드 페이지(949)에서 표시할 수 없는 문자가 파일에 들어 있습니다. 데이터가 손실되지 않게 하려면 해당 파일을 유니코드 형식으로 저장하십시오.
  (소스 파일 'Monster/MonsterSpawnPoint.cpp'을(를) 컴파일하는 중)
  
E:\DirectX\UE2025_2D\Engine\Include\Matrix.h(1,1): warning C4819: 현재 코드 페이지(949)에서 표시할 수 없는 문자가 파일에 들어 있습니다. 데이터가 손실되지 않게 하려면 해당 파일을 유니코드 형식으로 저장하십시오.
  (소스 파일 'Monster/MonsterSpawnPoint.cpp'을(를) 컴파일하는 중)
  
E:\DirectX\UE2025_2D\Engine\Include\Vector2.h(1,1): warning C4819: 현재 코드 페이지(949)에서 표시할 수 없는 문자가 파일에 들어 있습니다. 데이터가 손실되지 않게 하려면 해당 파일을 유니코드 형식으로 저장하십시오.
  (소스 파일 'Monster/MonsterSpawnPoint.cpp'을(를) 컴파일하는 중)
  
E:\DirectX\UE2025_2D\Engine\Include\World\World.h(1,1): warning C4819: 현재 코드 페이지(949)에서 표시할 수 없는 문자가 파일에 들어 있습니다. 데이터가 손실되지 않게 하려면 해당 파일을 유니코드 형식으로 저장하십시오.
  (소스 파일 'Monster/MonsterSpawnPoint.cpp'을(를) 컴파일하는 중)
  
E:\DirectX\UE2025_2D\Engine\Include\World\CameraManager.h(1,1): warning C4819: 현재 코드 페이지(949)에서 표시할 수 없는 문자가 파일에 들어 있습니다. 데이터가 손실되지 않게 하려면 해당 파일을 유니코드 형식으로 저장하십시오.
  (소스 파일 'Monster/MonsterSpawnPoint.cpp'을(를) 컴파일하는 중)
  
E:\DirectX\UE2025_2D\Engine\Include\Asset\Mesh\Mesh.h(1,1): warning C4819: 현재 코드 페이지(949)에서 표시할 수 없는 문자가 파일에 들어 있습니다. 데이터가 손실되지 않게 하려면 해당 파일을 유니코드 형식으로 저장하십시오.
  (소스 파일 'Monster/MonsterSpawnPoint.cpp'을(를) 컴파일하는 중)
  
E:\DirectX\UE2025_2D\Engine\Include\Asset\Material\Material.h(1,1): warning C4819: 현재 코드 페이지(949)에서 표시할 수 없는 문자가 파일에 들어 있습니다. 데이터가 손실되지 않게 하려면 해당 파일을 유니코드 형식으로 저장하십시오.
  (소스 파일 'Monster/MonsterSpawnPoint.cpp'을(를) 컴파일하는 중)
  
E:\DirectX\UE2025_2D\Engine\Include\Asset\Shader\CBufferContainer.h(1,1): warning C4819: 현재 코드 페이지(949)에서 표시할 수 없는 문자가 파일에 들어 있습니다. 데이터가 손실되지 않게 하려면 해당 파일을 유니코드 형식으로 저장하십시오.
  (소스 파일 'Monster/MonsterSpawnPoint.cpp'을(를) 컴파일하는 중)
  
E:\DirectX\UE2025_2D\Engine\Include\Asset\Texture\Texture.h(1,1): warning C4819: 현재 코드 페이지(949)에서 표시할 수 없는 문자가 파일에 들어 있습니다. 데이터가 손실되지 않게 하려면 해당 파일을 유니코드 형식으로 저장하십시오.
  (소스 파일 'Monster/MonsterSpawnPoint.cpp'을(를) 컴파일하는 중)
  
E:\DirectX\UE2025_2D\Engine\Include\Asset\Animation2D\Animation2D.h(1,1): warning C4819: 현재 코드 페이지(949)에서 표시할 수 없는 문자가 파일에 들어 있습니다. 데이터가 손실되지 않게 하려면 해당 파일을 유니코드 형식으로 저장하십시오.
  (소스 파일 'Monster/MonsterSpawnPoint.cpp'을(를) 컴파일하는 중)
  
E:\DirectX\UE2025_2D\Engine\Include\World\Input.h(1,1): warning C4819: 현재 코드 페이지(949)에서 표시할 수 없는 문자가 파일에 들어 있습니다. 데이터가 손실되지 않게 하려면 해당 파일을 유니코드 형식으로 저장하십시오.
  (소스 파일 'Monster/MonsterSpawnPoint.cpp'을(를) 컴파일하는 중)
  
  Bullet.cpp
E:\DirectX\UE2025_2D\Client\Player\Bullet.cpp(1,1): warning C4819: 현재 코드 페이지(949)에서 표시할 수 없는 문자가 파일에 들어 있습니다. 데이터가 손실되지 않게 하려면 해당 파일을 유니코드 형식으로 저장하십시오.
E:\DirectX\UE2025_2D\Engine\Include\Object\GameObject.h(1,1): warning C4819: 현재 코드 페이지(949)에서 표시할 수 없는 문자가 파일에 들어 있습니다. 데이터가 손실되지 않게 하려면 해당 파일을 유니코드 형식으로 저장하십시오.
  (소스 파일 'Player/Bullet.cpp'을(를) 컴파일하는 중)
  
E:\DirectX\UE2025_2D\Engine\Include\Object.h(1,1): warning C4819: 현재 코드 페이지(949)에서 표시할 수 없는 문자가 파일에 들어 있습니다. 데이터가 손실되지 않게 하려면 해당 파일을 유니코드 형식으로 저장하십시오.
  (소스 파일 'Player/Bullet.cpp'을(를) 컴파일하는 중)
  
E:\DirectX\UE2025_2D\Engine\Include\EngineInfo.h(1,1): warning C4819: 현재 코드 페이지(949)에서 표시할 수 없는 문자가 파일에 들어 있습니다. 데이터가 손실되지 않게 하려면 해당 파일을 유니코드 형식으로 저장하십시오.
  (소스 파일 'Player/Bullet.cpp'을(를) 컴파일하는 중)
  
E:\DirectX\UE2025_2D\Engine\Include\Matrix.h(1,1): warning C4819: 현재 코드 페이지(949)에서 표시할 수 없는 문자가 파일에 들어 있습니다. 데이터가 손실되지 않게 하려면 해당 파일을 유니코드 형식으로 저장하십시오.
  (소스 파일 'Player/Bullet.cpp'을(를) 컴파일하는 중)
  
E:\DirectX\UE2025_2D\Engine\Include\Vector2.h(1,1): warning C4819: 현재 코드 페이지(949)에서 표시할 수 없는 문자가 파일에 들어 있습니다. 데이터가 손실되지 않게 하려면 해당 파일을 유니코드 형식으로 저장하십시오.
  (소스 파일 'Player/Bullet.cpp'을(를) 컴파일하는 중)
  
E:\DirectX\UE2025_2D\Engine\Include\Asset\Shader\CBufferContainer.h(1,1): warning C4819: 현재 코드 페이지(949)에서 표시할 수 없는 문자가 파일에 들어 있습니다. 데이터가 손실되지 않게 하려면 해당 파일을 유니코드 형식으로 저장하십시오.
  (소스 파일 'Player/Bullet.cpp'을(를) 컴파일하는 중)
  
E:\DirectX\UE2025_2D\Engine\Include\World\World.h(1,1): warning C4819: 현재 코드 페이지(949)에서 표시할 수 없는 문자가 파일에 들어 있습니다. 데이터가 손실되지 않게 하려면 해당 파일을 유니코드 형식으로 저장하십시오.
  (소스 파일 'Player/Bullet.cpp'을(를) 컴파일하는 중)
  
E:\DirectX\UE2025_2D\Engine\Include\World\CameraManager.h(1,1): warning C4819: 현재 코드 페이지(949)에서 표시할 수 없는 문자가 파일에 들어 있습니다. 데이터가 손실되지 않게 하려면 해당 파일을 유니코드 형식으로 저장하십시오.
  (소스 파일 'Player/Bullet.cpp'을(를) 컴파일하는 중)
  
E:\DirectX\UE2025_2D\Engine\Include\Asset\Mesh\Mesh.h(1,1): warning C4819: 현재 코드 페이지(949)에서 표시할 수 없는 문자가 파일에 들어 있습니다. 데이터가 손실되지 않게 하려면 해당 파일을 유니코드 형식으로 저장하십시오.
  (소스 파일 'Player/Bullet.cpp'을(를) 컴파일하는 중)
  
E:\DirectX\UE2025_2D\Engine\Include\Asset\Material\Material.h(1,1): warning C4819: 현재 코드 페이지(949)에서 표시할 수 없는 문자가 파일에 들어 있습니다. 데이터가 손실되지 않게 하려면 해당 파일을 유니코드 형식으로 저장하십시오.
  (소스 파일 'Player/Bullet.cpp'을(를) 컴파일하는 중)
  
E:\DirectX\UE2025_2D\Engine\Include\Asset\Texture\Texture.h(1,1): warning C4819: 현재 코드 페이지(949)에서 표시할 수 없는 문자가 파일에 들어 있습니다. 데이터가 손실되지 않게 하려면 해당 파일을 유니코드 형식으로 저장하십시오.
  (소스 파일 'Player/Bullet.cpp'을(를) 컴파일하는 중)
  
E:\DirectX\UE2025_2D\Engine\Include\Asset\Animation2D\Animation2D.h(1,1): warning C4819: 현재 코드 페이지(949)에서 표시할 수 없는 문자가 파일에 들어 있습니다. 데이터가 손실되지 않게 하려면 해당 파일을 유니코드 형식으로 저장하십시오.
  (소스 파일 'Player/Bullet.cpp'을(를) 컴파일하는 중)
  
E:\DirectX\UE2025_2D\Engine\Include\World\Input.h(1,1): warning C4819: 현재 코드 페이지(949)에서 표시할 수 없는 문자가 파일에 들어 있습니다. 데이터가 손실되지 않게 하려면 해당 파일을 유니코드 형식으로 저장하십시오.
  (소스 파일 'Player/Bullet.cpp'을(를) 컴파일하는 중)
  
  BulletEffect.cpp
E:\DirectX\UE2025_2D\Client\Player\BulletEffect.cpp(1,1): warning C4819: 현재 코드 페이지(949)에서 표시할 수 없는 문자가 파일에 들어 있습니다. 데이터가 손실되지 않게 하려면 해당 파일을 유니코드 형식으로 저장하십시오.
E:\DirectX\UE2025_2D\Engine\Include\Object\GameObject.h(1,1): warning C4819: 현재 코드 페이지(949)에서 표시할 수 없는 문자가 파일에 들어 있습니다. 데이터가 손실되지 않게 하려면 해당 파일을 유니코드 형식으로 저장하십시오.
  (소스 파일 'Player/BulletEffect.cpp'을(를) 컴파일하는 중)
  
E:\DirectX\UE2025_2D\Engine\Include\Object.h(1,1): warning C4819: 현재 코드 페이지(949)에서 표시할 수 없는 문자가 파일에 들어 있습니다. 데이터가 손실되지 않게 하려면 해당 파일을 유니코드 형식으로 저장하십시오.
  (소스 파일 'Player/BulletEffect.cpp'을(를) 컴파일하는 중)
  
E:\DirectX\UE2025_2D\Engine\Include\EngineInfo.h(1,1): warning C4819: 현재 코드 페이지(949)에서 표시할 수 없는 문자가 파일에 들어 있습니다. 데이터가 손실되지 않게 하려면 해당 파일을 유니코드 형식으로 저장하십시오.
  (소스 파일 'Player/BulletEffect.cpp'을(를) 컴파일하는 중)
  
E:\DirectX\UE2025_2D\Engine\Include\Matrix.h(1,1): warning C4819: 현재 코드 페이지(949)에서 표시할 수 없는 문자가 파일에 들어 있습니다. 데이터가 손실되지 않게 하려면 해당 파일을 유니코드 형식으로 저장하십시오.
  (소스 파일 'Player/BulletEffect.cpp'을(를) 컴파일하는 중)
  
E:\DirectX\UE2025_2D\Engine\Include\Vector2.h(1,1): warning C4819: 현재 코드 페이지(949)에서 표시할 수 없는 문자가 파일에 들어 있습니다. 데이터가 손실되지 않게 하려면 해당 파일을 유니코드 형식으로 저장하십시오.
  (소스 파일 'Player/BulletEffect.cpp'을(를) 컴파일하는 중)
  
E:\DirectX\UE2025_2D\Engine\Include\Asset\Shader\CBufferContainer.h(1,1): warning C4819: 현재 코드 페이지(949)에서 표시할 수 없는 문자가 파일에 들어 있습니다. 데이터가 손실되지 않게 하려면 해당 파일을 유니코드 형식으로 저장하십시오.
  (소스 파일 'Player/BulletEffect.cpp'을(를) 컴파일하는 중)
  
E:\DirectX\UE2025_2D\Engine\Include\Component\Animation2DSequence.h(1,1): warning C4819: 현재 코드 페이지(949)에서 표시할 수 없는 문자가 파일에 들어 있습니다. 데이터가 손실되지 않게 하려면 해당 파일을 유니코드 형식으로 저장하십시오.
  (소스 파일 'Player/BulletEffect.cpp'을(를) 컴파일하는 중)
  
E:\DirectX\UE2025_2D\Engine\Include\Asset\Animation2D\Animation2D.h(1,1): warning C4819: 현재 코드 페이지(949)에서 표시할 수 없는 문자가 파일에 들어 있습니다. 데이터가 손실되지 않게 하려면 해당 파일을 유니코드 형식으로 저장하십시오.
  (소스 파일 'Player/BulletEffect.cpp'을(를) 컴파일하는 중)
  
  Missile.cpp
E:\DirectX\UE2025_2D\Engine\Include\Object\GameObject.h(1,1): warning C4819: 현재 코드 페이지(949)에서 표시할 수 없는 문자가 파일에 들어 있습니다. 데이터가 손실되지 않게 하려면 해당 파일을 유니코드 형식으로 저장하십시오.
  (소스 파일 'Player/Missile.cpp'을(를) 컴파일하는 중)
  
E:\DirectX\UE2025_2D\Engine\Include\Object.h(1,1): warning C4819: 현재 코드 페이지(949)에서 표시할 수 없는 문자가 파일에 들어 있습니다. 데이터가 손실되지 않게 하려면 해당 파일을 유니코드 형식으로 저장하십시오.
  (소스 파일 'Player/Missile.cpp'을(를) 컴파일하는 중)
  
E:\DirectX\UE2025_2D\Engine\Include\EngineInfo.h(1,1): warning C4819: 현재 코드 페이지(949)에서 표시할 수 없는 문자가 파일에 들어 있습니다. 데이터가 손실되지 않게 하려면 해당 파일을 유니코드 형식으로 저장하십시오.
  (소스 파일 'Player/Missile.cpp'을(를) 컴파일하는 중)
  
E:\DirectX\UE2025_2D\Engine\Include\Matrix.h(1,1): warning C4819: 현재 코드 페이지(949)에서 표시할 수 없는 문자가 파일에 들어 있습니다. 데이터가 손실되지 않게 하려면 해당 파일을 유니코드 형식으로 저장하십시오.
  (소스 파일 'Player/Missile.cpp'을(를) 컴파일하는 중)
  
E:\DirectX\UE2025_2D\Engine\Include\Vector2.h(1,1): warning C4819: 현재 코드 페이지(949)에서 표시할 수 없는 문자가 파일에 들어 있습니다. 데이터가 손실되지 않게 하려면 해당 파일을 유니코드 형식으로 저장하십시오.
  (소스 파일 'Player/Missile.cpp'을(를) 컴파일하는 중)
  
E:\DirectX\UE2025_2D\Engine\Include\Asset\Shader\CBufferContainer.h(1,1): warning C4819: 현재 코드 페이지(949)에서 표시할 수 없는 문자가 파일에 들어 있습니다. 데이터가 손실되지 않게 하려면 해당 파일을 유니코드 형식으로 저장하십시오.
  (소스 파일 'Player/Missile.cpp'을(를) 컴파일하는 중)
  
E:\DirectX\UE2025_2D\Engine\Include\Device.h(1,1): warning C4819: 현재 코드 페이지(949)에서 표시할 수 없는 문자가 파일에 들어 있습니다. 데이터가 손실되지 않게 하려면 해당 파일을 유니코드 형식으로 저장하십시오.
  (소스 파일 'Player/Missile.cpp'을(를) 컴파일하는 중)
  
E:\DirectX\UE2025_2D\Engine\Include\World\World.h(1,1): warning C4819: 현재 코드 페이지(949)에서 표시할 수 없는 문자가 파일에 들어 있습니다. 데이터가 손실되지 않게 하려면 해당 파일을 유니코드 형식으로 저장하십시오.
  (소스 파일 'Player/Missile.cpp'을(를) 컴파일하는 중)
  
E:\DirectX\UE2025_2D\Engine\Include\World\CameraManager.h(1,1): warning C4819: 현재 코드 페이지(949)에서 표시할 수 없는 문자가 파일에 들어 있습니다. 데이터가 손실되지 않게 하려면 해당 파일을 유니코드 형식으로 저장하십시오.
  (소스 파일 'Player/Missile.cpp'을(를) 컴파일하는 중)
  
E:\DirectX\UE2025_2D\Engine\Include\Asset\Mesh\Mesh.h(1,1): warning C4819: 현재 코드 페이지(949)에서 표시할 수 없는 문자가 파일에 들어 있습니다. 데이터가 손실되지 않게 하려면 해당 파일을 유니코드 형식으로 저장하십시오.
  (소스 파일 'Player/Missile.cpp'을(를) 컴파일하는 중)
  
E:\DirectX\UE2025_2D\Engine\Include\Asset\Material\Material.h(1,1): warning C4819: 현재 코드 페이지(949)에서 표시할 수 없는 문자가 파일에 들어 있습니다. 데이터가 손실되지 않게 하려면 해당 파일을 유니코드 형식으로 저장하십시오.
  (소스 파일 'Player/Missile.cpp'을(를) 컴파일하는 중)
  
E:\DirectX\UE2025_2D\Engine\Include\Asset\Texture\Texture.h(1,1): warning C4819: 현재 코드 페이지(949)에서 표시할 수 없는 문자가 파일에 들어 있습니다. 데이터가 손실되지 않게 하려면 해당 파일을 유니코드 형식으로 저장하십시오.
  (소스 파일 'Player/Missile.cpp'을(를) 컴파일하는 중)
  
E:\DirectX\UE2025_2D\Engine\Include\Asset\Animation2D\Animation2D.h(1,1): warning C4819: 현재 코드 페이지(949)에서 표시할 수 없는 문자가 파일에 들어 있습니다. 데이터가 손실되지 않게 하려면 해당 파일을 유니코드 형식으로 저장하십시오.
  (소스 파일 'Player/Missile.cpp'을(를) 컴파일하는 중)
  
E:\DirectX\UE2025_2D\Engine\Include\World\Input.h(1,1): warning C4819: 현재 코드 페이지(949)에서 표시할 수 없는 문자가 파일에 들어 있습니다. 데이터가 손실되지 않게 하려면 해당 파일을 유니코드 형식으로 저장하십시오.
  (소스 파일 'Player/Missile.cpp'을(를) 컴파일하는 중)
  
  Player.cpp
E:\DirectX\UE2025_2D\Client\Player\Player.cpp(1,1): warning C4819: 현재 코드 페이지(949)에서 표시할 수 없는 문자가 파일에 들어 있습니다. 데이터가 손실되지 않게 하려면 해당 파일을 유니코드 형식으로 저장하십시오.
E:\DirectX\UE2025_2D\Engine\Include\Object\GameObject.h(1,1): warning C4819: 현재 코드 페이지(949)에서 표시할 수 없는 문자가 파일에 들어 있습니다. 데이터가 손실되지 않게 하려면 해당 파일을 유니코드 형식으로 저장하십시오.
  (소스 파일 'Player/Player.cpp'을(를) 컴파일하는 중)
  
E:\DirectX\UE2025_2D\Engine\Include\Object.h(1,1): warning C4819: 현재 코드 페이지(949)에서 표시할 수 없는 문자가 파일에 들어 있습니다. 데이터가 손실되지 않게 하려면 해당 파일을 유니코드 형식으로 저장하십시오.
  (소스 파일 'Player/Player.cpp'을(를) 컴파일하는 중)
  
E:\DirectX\UE2025_2D\Engine\Include\EngineInfo.h(1,1): warning C4819: 현재 코드 페이지(949)에서 표시할 수 없는 문자가 파일에 들어 있습니다. 데이터가 손실되지 않게 하려면 해당 파일을 유니코드 형식으로 저장하십시오.
  (소스 파일 'Player/Player.cpp'을(를) 컴파일하는 중)
  
E:\DirectX\UE2025_2D\Engine\Include\Matrix.h(1,1): warning C4819: 현재 코드 페이지(949)에서 표시할 수 없는 문자가 파일에 들어 있습니다. 데이터가 손실되지 않게 하려면 해당 파일을 유니코드 형식으로 저장하십시오.
  (소스 파일 'Player/Player.cpp'을(를) 컴파일하는 중)
  
E:\DirectX\UE2025_2D\Engine\Include\Vector2.h(1,1): warning C4819: 현재 코드 페이지(949)에서 표시할 수 없는 문자가 파일에 들어 있습니다. 데이터가 손실되지 않게 하려면 해당 파일을 유니코드 형식으로 저장하십시오.
  (소스 파일 'Player/Player.cpp'을(를) 컴파일하는 중)
  
E:\DirectX\UE2025_2D\Engine\Include\Asset\Shader\CBufferContainer.h(1,1): warning C4819: 현재 코드 페이지(949)에서 표시할 수 없는 문자가 파일에 들어 있습니다. 데이터가 손실되지 않게 하려면 해당 파일을 유니코드 형식으로 저장하십시오.
  (소스 파일 'Player/Player.cpp'을(를) 컴파일하는 중)
  
E:\DirectX\UE2025_2D\Engine\Include\World\World.h(1,1): warning C4819: 현재 코드 페이지(949)에서 표시할 수 없는 문자가 파일에 들어 있습니다. 데이터가 손실되지 않게 하려면 해당 파일을 유니코드 형식으로 저장하십시오.
  (소스 파일 'Player/Player.cpp'을(를) 컴파일하는 중)
  
E:\DirectX\UE2025_2D\Engine\Include\World\CameraManager.h(1,1): warning C4819: 현재 코드 페이지(949)에서 표시할 수 없는 문자가 파일에 들어 있습니다. 데이터가 손실되지 않게 하려면 해당 파일을 유니코드 형식으로 저장하십시오.
  (소스 파일 'Player/Player.cpp'을(를) 컴파일하는 중)
  
E:\DirectX\UE2025_2D\Engine\Include\Asset\Mesh\Mesh.h(1,1): warning C4819: 현재 코드 페이지(949)에서 표시할 수 없는 문자가 파일에 들어 있습니다. 데이터가 손실되지 않게 하려면 해당 파일을 유니코드 형식으로 저장하십시오.
  (소스 파일 'Player/Player.cpp'을(를) 컴파일하는 중)
  
E:\DirectX\UE2025_2D\Engine\Include\Asset\Material\Material.h(1,1): warning C4819: 현재 코드 페이지(949)에서 표시할 수 없는 문자가 파일에 들어 있습니다. 데이터가 손실되지 않게 하려면 해당 파일을 유니코드 형식으로 저장하십시오.
  (소스 파일 'Player/Player.cpp'을(를) 컴파일하는 중)
  
E:\DirectX\UE2025_2D\Engine\Include\Asset\Texture\Texture.h(1,1): warning C4819: 현재 코드 페이지(949)에서 표시할 수 없는 문자가 파일에 들어 있습니다. 데이터가 손실되지 않게 하려면 해당 파일을 유니코드 형식으로 저장하십시오.
  (소스 파일 'Player/Player.cpp'을(를) 컴파일하는 중)
  
E:\DirectX\UE2025_2D\Engine\Include\Asset\Animation2D\Animation2D.h(1,1): warning C4819: 현재 코드 페이지(949)에서 표시할 수 없는 문자가 파일에 들어 있습니다. 데이터가 손실되지 않게 하려면 해당 파일을 유니코드 형식으로 저장하십시오.
  (소스 파일 'Player/Player.cpp'을(를) 컴파일하는 중)
  
E:\DirectX\UE2025_2D\Engine\Include\World\Input.h(1,1): warning C4819: 현재 코드 페이지(949)에서 표시할 수 없는 문자가 파일에 들어 있습니다. 데이터가 손실되지 않게 하려면 해당 파일을 유니코드 형식으로 저장하십시오.
  (소스 파일 'Player/Player.cpp'을(를) 컴파일하는 중)
  
E:\DirectX\UE2025_2D\Engine\Include\Device.h(1,1): warning C4819: 현재 코드 페이지(949)에서 표시할 수 없는 문자가 파일에 들어 있습니다. 데이터가 손실되지 않게 하려면 해당 파일을 유니코드 형식으로 저장하십시오.
  (소스 파일 'Player/Player.cpp'을(를) 컴파일하는 중)
  
E:\DirectX\UE2025_2D\Engine\Include\Component\Animation2DSequence.h(1,1): warning C4819: 현재 코드 페이지(949)에서 표시할 수 없는 문자가 파일에 들어 있습니다. 데이터가 손실되지 않게 하려면 해당 파일을 유니코드 형식으로 저장하십시오.
  (소스 파일 'Player/Player.cpp'을(를) 컴파일하는 중)
  
E:\DirectX\UE2025_2D\Engine\Include\Timer.h(1,1): warning C4819: 현재 코드 페이지(949)에서 표시할 수 없는 문자가 파일에 들어 있습니다. 데이터가 손실되지 않게 하려면 해당 파일을 유니코드 형식으로 저장하십시오.
  (소스 파일 'Player/Player.cpp'을(를) 컴파일하는 중)
  
  MainWorld.cpp
E:\DirectX\UE2025_2D\Engine\Include\World\World.h(1,1): warning C4819: 현재 코드 페이지(949)에서 표시할 수 없는 문자가 파일에 들어 있습니다. 데이터가 손실되지 않게 하려면 해당 파일을 유니코드 형식으로 저장하십시오.
  (소스 파일 'World/MainWorld.cpp'을(를) 컴파일하는 중)
  
E:\DirectX\UE2025_2D\Engine\Include\EngineInfo.h(1,1): warning C4819: 현재 코드 페이지(949)에서 표시할 수 없는 문자가 파일에 들어 있습니다. 데이터가 손실되지 않게 하려면 해당 파일을 유니코드 형식으로 저장하십시오.
  (소스 파일 'World/MainWorld.cpp'을(를) 컴파일하는 중)
  
E:\DirectX\UE2025_2D\Engine\Include\Matrix.h(1,1): warning C4819: 현재 코드 페이지(949)에서 표시할 수 없는 문자가 파일에 들어 있습니다. 데이터가 손실되지 않게 하려면 해당 파일을 유니코드 형식으로 저장하십시오.
  (소스 파일 'World/MainWorld.cpp'을(를) 컴파일하는 중)
  
E:\DirectX\UE2025_2D\Engine\Include\Vector2.h(1,1): warning C4819: 현재 코드 페이지(949)에서 표시할 수 없는 문자가 파일에 들어 있습니다. 데이터가 손실되지 않게 하려면 해당 파일을 유니코드 형식으로 저장하십시오.
  (소스 파일 'World/MainWorld.cpp'을(를) 컴파일하는 중)
  
E:\DirectX\UE2025_2D\Engine\Include\Object\GameObject.h(1,1): warning C4819: 현재 코드 페이지(949)에서 표시할 수 없는 문자가 파일에 들어 있습니다. 데이터가 손실되지 않게 하려면 해당 파일을 유니코드 형식으로 저장하십시오.
  (소스 파일 'World/MainWorld.cpp'을(를) 컴파일하는 중)
  
E:\DirectX\UE2025_2D\Engine\Include\Object.h(1,1): warning C4819: 현재 코드 페이지(949)에서 표시할 수 없는 문자가 파일에 들어 있습니다. 데이터가 손실되지 않게 하려면 해당 파일을 유니코드 형식으로 저장하십시오.
  (소스 파일 'World/MainWorld.cpp'을(를) 컴파일하는 중)
  
E:\DirectX\UE2025_2D\Engine\Include\World\CameraManager.h(1,1): warning C4819: 현재 코드 페이지(949)에서 표시할 수 없는 문자가 파일에 들어 있습니다. 데이터가 손실되지 않게 하려면 해당 파일을 유니코드 형식으로 저장하십시오.
  (소스 파일 'World/MainWorld.cpp'을(를) 컴파일하는 중)
  
E:\DirectX\UE2025_2D\Engine\Include\Asset\Mesh\Mesh.h(1,1): warning C4819: 현재 코드 페이지(949)에서 표시할 수 없는 문자가 파일에 들어 있습니다. 데이터가 손실되지 않게 하려면 해당 파일을 유니코드 형식으로 저장하십시오.
  (소스 파일 'World/MainWorld.cpp'을(를) 컴파일하는 중)
  
E:\DirectX\UE2025_2D\Engine\Include\Asset\Material\Material.h(1,1): warning C4819: 현재 코드 페이지(949)에서 표시할 수 없는 문자가 파일에 들어 있습니다. 데이터가 손실되지 않게 하려면 해당 파일을 유니코드 형식으로 저장하십시오.
  (소스 파일 'World/MainWorld.cpp'을(를) 컴파일하는 중)
  
E:\DirectX\UE2025_2D\Engine\Include\Asset\Shader\CBufferContainer.h(1,1): warning C4819: 현재 코드 페이지(949)에서 표시할 수 없는 문자가 파일에 들어 있습니다. 데이터가 손실되지 않게 하려면 해당 파일을 유니코드 형식으로 저장하십시오.
  (소스 파일 'World/MainWorld.cpp'을(를) 컴파일하는 중)
  
E:\DirectX\UE2025_2D\Engine\Include\Asset\Texture\Texture.h(1,1): warning C4819: 현재 코드 페이지(949)에서 표시할 수 없는 문자가 파일에 들어 있습니다. 데이터가 손실되지 않게 하려면 해당 파일을 유니코드 형식으로 저장하십시오.
  (소스 파일 'World/MainWorld.cpp'을(를) 컴파일하는 중)
  
E:\DirectX\UE2025_2D\Engine\Include\Asset\Animation2D\Animation2D.h(1,1): warning C4819: 현재 코드 페이지(949)에서 표시할 수 없는 문자가 파일에 들어 있습니다. 데이터가 손실되지 않게 하려면 해당 파일을 유니코드 형식으로 저장하십시오.
  (소스 파일 'World/MainWorld.cpp'을(를) 컴파일하는 중)
  
E:\DirectX\UE2025_2D\Engine\Include\World\Input.h(1,1): warning C4819: 현재 코드 페이지(949)에서 표시할 수 없는 문자가 파일에 들어 있습니다. 데이터가 손실되지 않게 하려면 해당 파일을 유니코드 형식으로 저장하십시오.
  (소스 파일 'World/MainWorld.cpp'을(를) 컴파일하는 중)
  
  main.cpp
E:\DirectX\UE2025_2D\Client\main.cpp(1,1): warning C4819: 현재 코드 페이지(949)에서 표시할 수 없는 문자가 파일에 들어 있습니다. 데이터가 손실되지 않게 하려면 해당 파일을 유니코드 형식으로 저장하십시오.
E:\DirectX\UE2025_2D\Engine\Include\Engine.h(1,1): warning C4819: 현재 코드 페이지(949)에서 표시할 수 없는 문자가 파일에 들어 있습니다. 데이터가 손실되지 않게 하려면 해당 파일을 유니코드 형식으로 저장하십시오.
  (소스 파일 'main.cpp'을(를) 컴파일하는 중)
  
E:\DirectX\UE2025_2D\Engine\Include\EngineInfo.h(1,1): warning C4819: 현재 코드 페이지(949)에서 표시할 수 없는 문자가 파일에 들어 있습니다. 데이터가 손실되지 않게 하려면 해당 파일을 유니코드 형식으로 저장하십시오.
  (소스 파일 'main.cpp'을(를) 컴파일하는 중)
  
E:\DirectX\UE2025_2D\Engine\Include\Matrix.h(1,1): warning C4819: 현재 코드 페이지(949)에서 표시할 수 없는 문자가 파일에 들어 있습니다. 데이터가 손실되지 않게 하려면 해당 파일을 유니코드 형식으로 저장하십시오.
  (소스 파일 'main.cpp'을(를) 컴파일하는 중)
  
E:\DirectX\UE2025_2D\Engine\Include\Vector2.h(1,1): warning C4819: 현재 코드 페이지(949)에서 표시할 수 없는 문자가 파일에 들어 있습니다. 데이터가 손실되지 않게 하려면 해당 파일을 유니코드 형식으로 저장하십시오.
  (소스 파일 'main.cpp'을(를) 컴파일하는 중)
  
E:\DirectX\UE2025_2D\Engine\Include\Object.h(1,1): warning C4819: 현재 코드 페이지(949)에서 표시할 수 없는 문자가 파일에 들어 있습니다. 데이터가 손실되지 않게 하려면 해당 파일을 유니코드 형식으로 저장하십시오.
  (소스 파일 'main.cpp'을(를) 컴파일하는 중)
  
E:\DirectX\UE2025_2D\Engine\Include\World\World.h(1,1): warning C4819: 현재 코드 페이지(949)에서 표시할 수 없는 문자가 파일에 들어 있습니다. 데이터가 손실되지 않게 하려면 해당 파일을 유니코드 형식으로 저장하십시오.
  (소스 파일 'main.cpp'을(를) 컴파일하는 중)
  
E:\DirectX\UE2025_2D\Engine\Include\Object\GameObject.h(1,1): warning C4819: 현재 코드 페이지(949)에서 표시할 수 없는 문자가 파일에 들어 있습니다. 데이터가 손실되지 않게 하려면 해당 파일을 유니코드 형식으로 저장하십시오.
  (소스 파일 'main.cpp'을(를) 컴파일하는 중)
  
E:\DirectX\UE2025_2D\Engine\Include\World\CameraManager.h(1,1): warning C4819: 현재 코드 페이지(949)에서 표시할 수 없는 문자가 파일에 들어 있습니다. 데이터가 손실되지 않게 하려면 해당 파일을 유니코드 형식으로 저장하십시오.
  (소스 파일 'main.cpp'을(를) 컴파일하는 중)
  
E:\DirectX\UE2025_2D\Engine\Include\Asset\Mesh\Mesh.h(1,1): warning C4819: 현재 코드 페이지(949)에서 표시할 수 없는 문자가 파일에 들어 있습니다. 데이터가 손실되지 않게 하려면 해당 파일을 유니코드 형식으로 저장하십시오.
  (소스 파일 'main.cpp'을(를) 컴파일하는 중)
  
E:\DirectX\UE2025_2D\Engine\Include\Asset\Material\Material.h(1,1): warning C4819: 현재 코드 페이지(949)에서 표시할 수 없는 문자가 파일에 들어 있습니다. 데이터가 손실되지 않게 하려면 해당 파일을 유니코드 형식으로 저장하십시오.
  (소스 파일 'main.cpp'을(를) 컴파일하는 중)
  
E:\DirectX\UE2025_2D\Engine\Include\Asset\Shader\CBufferContainer.h(1,1): warning C4819: 현재 코드 페이지(949)에서 표시할 수 없는 문자가 파일에 들어 있습니다. 데이터가 손실되지 않게 하려면 해당 파일을 유니코드 형식으로 저장하십시오.
  (소스 파일 'main.cpp'을(를) 컴파일하는 중)
  
E:\DirectX\UE2025_2D\Engine\Include\Asset\Texture\Texture.h(1,1): warning C4819: 현재 코드 페이지(949)에서 표시할 수 없는 문자가 파일에 들어 있습니다. 데이터가 손실되지 않게 하려면 해당 파일을 유니코드 형식으로 저장하십시오.
  (소스 파일 'main.cpp'을(를) 컴파일하는 중)
  
E:\DirectX\UE2025_2D\Engine\Include\Asset\Animation2D\Animation2D.h(1,1): warning C4819: 현재 코드 페이지(949)에서 표시할 수 없는 문자가 파일에 들어 있습니다. 데이터가 손실되지 않게 하려면 해당 파일을 유니코드 형식으로 저장하십시오.
  (소스 파일 'main.cpp'을(를) 컴파일하는 중)
  
E:\DirectX\UE2025_2D\Engine\Include\World\Input.h(1,1): warning C4819: 현재 코드 페이지(949)에서 표시할 수 없는 문자가 파일에 들어 있습니다. 데이터가 손실되지 않게 하려면 해당 파일을 유니코드 형식으로 저장하십시오.
  (소스 파일 'main.cpp'을(를) 컴파일하는 중)
  
  코드를 생성하고 있습니다...
DirectXTex_Debug.lib(DirectXTexImage.obj) : warning LNK4099: 'DirectXTex.pdb' PDB를 'DirectXTex_Debug.lib(DirectXTexImage.obj)' 또는 'E:\DirectX\UE2025_2D\Binary\DirectXTex.pdb'에서 찾을 수 없습니다. 디버그 정보가 없는 것처럼 개체를 링크합니다.
DirectXTex_Debug.lib(DirectXTexDDS.obj) : warning LNK4099: 'DirectXTex.pdb' PDB를 'DirectXTex_Debug.lib(DirectXTexDDS.obj)' 또는 'E:\DirectX\UE2025_2D\Binary\DirectXTex.pdb'에서 찾을 수 없습니다. 디버그 정보가 없는 것처럼 개체를 링크합니다.
DirectXTex_Debug.lib(DirectXTexTGA.obj) : warning LNK4099: 'DirectXTex.pdb' PDB를 'DirectXTex_Debug.lib(DirectXTexTGA.obj)' 또는 'E:\DirectX\UE2025_2D\Binary\DirectXTex.pdb'에서 찾을 수 없습니다. 디버그 정보가 없는 것처럼 개체를 링크합니다.
DirectXTex_Debug.lib(DirectXTexWIC.obj) : warning LNK4099: 'DirectXTex.pdb' PDB를 'DirectXTex_Debug.lib(DirectXTexWIC.obj)' 또는 'E:\DirectX\UE2025_2D\Binary\DirectXTex.pdb'에서 찾을 수 없습니다. 디버그 정보가 없는 것처럼 개체를 링크합니다.
DirectXTex_Debug.lib(DirectXTexD3D11.obj) : warning LNK4099: 'DirectXTex.pdb' PDB를 'DirectXTex_Debug.lib(DirectXTexD3D11.obj)' 또는 'E:\DirectX\UE2025_2D\Binary\DirectXTex.pdb'에서 찾을 수 없습니다. 디버그 정보가 없는 것처럼 개체를 링크합니다.
DirectXTex_Debug.lib(DirectXTexUtil.obj) : warning LNK4099: 'DirectXTex.pdb' PDB를 'DirectXTex_Debug.lib(DirectXTexUtil.obj)' 또는 'E:\DirectX\UE2025_2D\Binary\DirectXTex.pdb'에서 찾을 수 없습니다. 디버그 정보가 없는 것처럼 개체를 링크합니다.
DirectXTex_Debug.lib(DirectXTexConvert.obj) : warning LNK4099: 'DirectXTex.pdb' PDB를 'DirectXTex_Debug.lib(DirectXTexConvert.obj)' 또는 'E:\DirectX\UE2025_2D\Binary\DirectXTex.pdb'에서 찾을 수 없습니다. 디버그 정보가 없는 것처럼 개체를 링크합니다.
DirectXTex_Debug.lib(DirectXTexCompress.obj) : warning LNK4099: 'DirectXTex.pdb' PDB를 'DirectXTex_Debug.lib(DirectXTexCompress.obj)' 또는 'E:\DirectX\UE2025_2D\Binary\DirectXTex.pdb'에서 찾을 수 없습니다. 디버그 정보가 없는 것처럼 개체를 링크합니다.
DirectXTex_Debug.lib(DirectXTexMipMaps.obj) : warning LNK4099: 'DirectXTex.pdb' PDB를 'DirectXTex_Debug.lib(DirectXTexMipMaps.obj)' 또는 'E:\DirectX\UE2025_2D\Binary\DirectXTex.pdb'에서 찾을 수 없습니다. 디버그 정보가 없는 것처럼 개체를 링크합니다.
DirectXTex_Debug.lib(BC.obj) : warning LNK4099: 'DirectXTex.pdb' PDB를 'DirectXTex_Debug.lib(BC.obj)' 또는 'E:\DirectX\UE2025_2D\Binary\DirectXTex.pdb'에서 찾을 수 없습니다. 디버그 정보가 없는 것처럼 개체를 링크합니다.
DirectXTex_Debug.lib(BC4BC5.obj) : warning LNK4099: 'DirectXTex.pdb' PDB를 'DirectXTex_Debug.lib(BC4BC5.obj)' 또는 'E:\DirectX\UE2025_2D\Binary\DirectXTex.pdb'에서 찾을 수 없습니다. 디버그 정보가 없는 것처럼 개체를 링크합니다.
DirectXTex_Debug.lib(BC6HBC7.obj) : warning LNK4099: 'DirectXTex.pdb' PDB를 'DirectXTex_Debug.lib(BC6HBC7.obj)' 또는 'E:\DirectX\UE2025_2D\Binary\DirectXTex.pdb'에서 찾을 수 없습니다. 디버그 정보가 없는 것처럼 개체를 링크합니다.
  Client.vcxproj -> E:\DirectX\UE2025_2D\Binary\Client_Debug.exe
